t_up_rise=1.19e-09 t_up_fall=1.71e-09 t_rf=1.24e-09 t_fr=3.46e-09 vh_hi=3.6 vout_lo=2.46e-11 vout_hi=1.08 ih_lo=-4e-13 ih_hi=3.02e-12 corner=tt T=-40 vddl=1.08 vddh=3.6
t_up_rise=3.79e-10 t_up_fall=5.6e-10 t_rf=4.42e-10 t_fr=1.75e-09 vh_hi=3.3 vout_lo=1.38e-11 vout_hi=1.2 ih_lo=-1.7e-13 ih_hi=-4.44e-12 corner=tt T=-40 vddl=1.2 vddh=3.3
t_up_rise=2.53e-10 t_up_fall=4.22e-10 t_rf=3.31e-10 t_fr=1.32e-09 vh_hi=3 vout_lo=7.7e-12 vout_hi=1.32 ih_lo=-6.74e-14 ih_hi=2.83e-12 corner=tt T=-40 vddl=1.32 vddh=3
t_up_rise=1.73e-09 t_up_fall=2.48e-09 t_rf=1.79e-09 t_fr=4.15e-09 vh_hi=3.6 vout_lo=1.72e-10 vout_hi=1.08 ih_lo=-4.15e-12 ih_hi=-2.61e-12 corner=tt T=27 vddl=1.08 vddh=3.6
t_up_rise=4.86e-10 t_up_fall=6.83e-10 t_rf=5.6e-10 t_fr=1.89e-09 vh_hi=3.3 vout_lo=1.04e-10 vout_hi=1.2 ih_lo=-2.74e-12 ih_hi=-4.29e-12 corner=tt T=27 vddl=1.2 vddh=3.3
t_up_rise=3.02e-10 t_up_fall=4.86e-10 t_rf=3.95e-10 t_fr=1.43e-09 vh_hi=3 vout_lo=5.79e-11 vout_hi=1.32 ih_lo=-1.92e-12 ih_hi=2.42e-12 corner=tt T=27 vddl=1.32 vddh=3
t_up_rise=1.74e-09 t_up_fall=2.55e-09 t_rf=1.81e-09 t_fr=4.08e-09 vh_hi=3.6 vout_lo=1.05e-08 vout_hi=1.08 ih_lo=-7.22e-10 ih_hi=-5.63e-10 corner=tt T=125 vddl=1.08 vddh=3.6
t_up_rise=6.07e-10 t_up_fall=8.32e-10 t_rf=7.02e-10 t_fr=2.03e-09 vh_hi=3.3 vout_lo=1.07e-08 vout_hi=1.2 ih_lo=-6.53e-10 ih_hi=-5.02e-10 corner=tt T=125 vddl=1.2 vddh=3.3
t_up_rise=3.74e-10 t_up_fall=5.81e-10 t_rf=4.91e-10 t_fr=1.57e-09 vh_hi=3 vout_lo=1.12e-08 vout_hi=1.32 ih_lo=-5.96e-10 ih_hi=-4.51e-10 corner=tt T=125 vddl=1.32 vddh=3
t_up_rise=2.24e-09 t_up_fall=3.25e-09 t_rf=2.29e-09 t_fr=5.8e-09 vh_hi=3.6 vout_lo=2.69e-12 vout_hi=1.08 ih_lo=-2.17e-14 ih_hi=2.72e-12 corner=ss T=-40 vddl=1.08 vddh=3.6
t_up_rise=4.91e-10 t_up_fall=7.01e-10 t_rf=5.64e-10 t_fr=2.31e-09 vh_hi=3.3 vout_lo=1.3e-12 vout_hi=1.2 ih_lo=-1.56e-14 ih_hi=6.16e-12 corner=ss T=-40 vddl=1.2 vddh=3.3
t_up_rise=3.06e-10 t_up_fall=5.02e-10 t_rf=4e-10 t_fr=1.65e-09 vh_hi=3 vout_lo=2.93e-12 vout_hi=1.32 ih_lo=-1.19e-14 ih_hi=-2.3e-12 corner=ss T=-40 vddl=1.32 vddh=3
t_up_rise=3.24e-09 t_up_fall=4.75e-09 t_rf=3.3e-09 t_fr=7.05e-09 vh_hi=3.6 vout_lo=5.17e-12 vout_hi=1.08 ih_lo=-4.22e-13 ih_hi=1.21e-12 corner=ss T=27 vddl=1.08 vddh=3.6
t_up_rise=6.28e-10 t_up_fall=8.6e-10 t_rf=7.14e-10 t_fr=2.43e-09 vh_hi=3.3 vout_lo=4.02e-12 vout_hi=1.2 ih_lo=-3.38e-13 ih_hi=1.59e-12 corner=ss T=27 vddl=1.2 vddh=3.3
t_up_rise=3.64e-10 t_up_fall=5.78e-10 t_rf=4.74e-10 t_fr=1.76e-09 vh_hi=3 vout_lo=4.23e-12 vout_hi=1.32 ih_lo=-2.84e-13 ih_hi=-2.41e-12 corner=ss T=27 vddl=1.32 vddh=3
t_up_rise=2.72e-09 t_up_fall=4.04e-09 t_rf=2.81e-09 t_fr=6.01e-09 vh_hi=3.6 vout_lo=7.61e-09 vout_hi=1.08 ih_lo=-2.19e-10 ih_hi=-1.52e-10 corner=ss T=125 vddl=1.08 vddh=3.6
t_up_rise=7.68e-10 t_up_fall=1.03e-09 t_rf=8.77e-10 t_fr=2.53e-09 vh_hi=3.3 vout_lo=8.46e-09 vout_hi=1.2 ih_lo=-2.01e-10 ih_hi=-1.36e-10 corner=ss T=125 vddl=1.2 vddh=3.3
t_up_rise=4.46e-10 t_up_fall=6.85e-10 t_rf=5.82e-10 t_fr=1.89e-09 vh_hi=3 vout_lo=9.55e-09 vout_hi=1.32 ih_lo=-1.86e-10 ih_hi=-1.24e-10 corner=ss T=125 vddl=1.32 vddh=3
t_up_rise=6.65e-10 t_up_fall=9.55e-10 t_rf=7.08e-10 t_fr=2.21e-09 vh_hi=3.6 vout_lo=6.21e-10 vout_hi=1.08 ih_lo=-1.06e-11 ih_hi=-1.46e-11 corner=ff T=-40 vddl=1.08 vddh=3.6
t_up_rise=2.97e-10 t_up_fall=4.44e-10 t_rf=3.51e-10 t_fr=1.35e-09 vh_hi=3.3 vout_lo=4.23e-10 vout_hi=1.2 ih_lo=-5.79e-12 ih_hi=6.34e-12 corner=ff T=-40 vddl=1.2 vddh=3.3
t_up_rise=2.13e-10 t_up_fall=3.54e-10 t_rf=2.8e-10 t_fr=1.06e-09 vh_hi=3 vout_lo=2.66e-10 vout_hi=1.32 ih_lo=-2.88e-12 ih_hi=-3.17e-12 corner=ff T=-40 vddl=1.32 vddh=3
t_up_rise=9.3e-10 t_up_fall=1.33e-09 t_rf=9.83e-10 t_fr=2.58e-09 vh_hi=3.6 vout_lo=2.09e-09 vout_hi=1.08 ih_lo=-3.97e-11 ih_hi=-1.67e-11 corner=ff T=27 vddl=1.08 vddh=3.6
t_up_rise=3.75e-10 t_up_fall=5.34e-10 t_rf=4.4e-10 t_fr=1.48e-09 vh_hi=3.3 vout_lo=1.56e-09 vout_hi=1.2 ih_lo=-2.68e-11 ih_hi=-1.38e-11 corner=ff T=27 vddl=1.2 vddh=3.3
t_up_rise=2.53e-10 t_up_fall=4.08e-10 t_rf=3.33e-10 t_fr=1.17e-09 vh_hi=3 vout_lo=1.1e-09 vout_hi=1.32 ih_lo=-1.81e-11 ih_hi=-1.11e-11 corner=ff T=27 vddl=1.32 vddh=3
t_up_rise=1.06e-09 t_up_fall=1.53e-09 t_rf=1.13e-09 t_fr=2.74e-09 vh_hi=3.6 vout_lo=1.92e-08 vout_hi=1.08 ih_lo=-2.67e-09 ih_hi=-2.27e-09 corner=ff T=125 vddl=1.08 vddh=3.6
t_up_rise=4.73e-10 t_up_fall=6.53e-10 t_rf=5.56e-10 t_fr=1.63e-09 vh_hi=3.3 vout_lo=1.85e-08 vout_hi=1.2 ih_lo=-2.41e-09 ih_hi=-2.01e-09 corner=ff T=125 vddl=1.2 vddh=3.3
t_up_rise=3.14e-10 t_up_fall=4.89e-10 t_rf=4.16e-10 t_fr=1.31e-09 vh_hi=3 vout_lo=1.79e-08 vout_hi=1.32 ih_lo=-2.19e-09 ih_hi=-1.8e-09 corner=ff T=125 vddl=1.32 vddh=3
t_up_rise=6.18e-09 t_up_fall=9.03e-09 t_rf=6.23e-09 t_fr=1.05e-08 vh_hi=3.6 vout_lo=1.33e-10 vout_hi=1.08 ih_lo=-2.08e-12 ih_hi=-4.65e-13 corner=sf T=-40 vddl=1.08 vddh=3.6
t_up_rise=5.56e-10 t_up_fall=7.62e-10 t_rf=6.23e-10 t_fr=1.81e-09 vh_hi=3.3 vout_lo=7.6e-11 vout_hi=1.2 ih_lo=-9.88e-13 ih_hi=-4.28e-12 corner=sf T=-40 vddl=1.2 vddh=3.3
t_up_rise=2.86e-10 t_up_fall=4.48e-10 t_rf=3.69e-10 t_fr=1.25e-09 vh_hi=3 vout_lo=4.23e-11 vout_hi=1.32 ih_lo=-4.18e-13 ih_hi=6.81e-12 corner=sf T=-40 vddl=1.32 vddh=3
t_up_rise=7.06e-09 t_up_fall=1.05e-08 t_rf=7.13e-09 t_fr=1.2e-08 vh_hi=3.6 vout_lo=6.53e-10 vout_hi=1.08 ih_lo=-9.93e-12 ih_hi=-6.5e-12 corner=sf T=27 vddl=1.08 vddh=3.6
t_up_rise=7.38e-10 t_up_fall=9.87e-10 t_rf=8.16e-10 t_fr=2.06e-09 vh_hi=3.3 vout_lo=4.39e-10 vout_hi=1.2 ih_lo=-6.02e-12 ih_hi=-4.81e-12 corner=sf T=27 vddl=1.2 vddh=3.3
t_up_rise=3.48e-10 t_up_fall=5.24e-10 t_rf=4.46e-10 t_fr=1.38e-09 vh_hi=3 vout_lo=2.71e-10 vout_hi=1.32 ih_lo=-3.67e-12 ih_hi=-4.43e-12 corner=sf T=27 vddl=1.32 vddh=3
t_up_rise=3.94e-09 t_up_fall=6.17e-09 t_rf=4.02e-09 t_fr=7.54e-09 vh_hi=3.6 vout_lo=1.45e-08 vout_hi=1.08 ih_lo=-8.25e-10 ih_hi=-4.34e-10 corner=sf T=125 vddl=1.08 vddh=3.6
t_up_rise=8.69e-10 t_up_fall=1.17e-09 t_rf=9.68e-10 t_fr=2.27e-09 vh_hi=3.3 vout_lo=1.43e-08 vout_hi=1.2 ih_lo=-7.58e-10 ih_hi=-3.92e-10 corner=sf T=125 vddl=1.2 vddh=3.3
t_up_rise=4.32e-10 t_up_fall=6.31e-10 t_rf=5.54e-10 t_fr=1.54e-09 vh_hi=3 vout_lo=1.43e-08 vout_hi=1.32 ih_lo=-7.02e-10 ih_hi=-3.61e-10 corner=sf T=125 vddl=1.32 vddh=3
t_up_rise=5.7e-10 t_up_fall=8.3e-10 t_rf=6.15e-10 t_fr=2.93e-09 vh_hi=3.6 vout_lo=2.15e-12 vout_hi=1.08 ih_lo=-5.67e-14 ih_hi=-8.63e-12 corner=fs T=-40 vddl=1.08 vddh=3.6
t_up_rise=3.07e-10 t_up_fall=4.89e-10 t_rf=3.65e-10 t_fr=1.86e-09 vh_hi=3.3 vout_lo=3.19e-12 vout_hi=1.2 ih_lo=-3.27e-14 ih_hi=-2.17e-12 corner=fs T=-40 vddl=1.2 vddh=3.3
t_up_rise=2.38e-10 t_up_fall=4.1e-10 t_rf=3.11e-10 t_fr=1.41e-09 vh_hi=3 vout_lo=1.89e-12 vout_hi=1.32 ih_lo=-2.18e-14 ih_hi=5.39e-12 corner=fs T=-40 vddl=1.32 vddh=3
t_up_rise=7.83e-10 t_up_fall=1.1e-09 t_rf=8.38e-10 t_fr=3.04e-09 vh_hi=3.6 vout_lo=2.38e-11 vout_hi=1.08 ih_lo=-3.99e-12 ih_hi=-2e-12 corner=fs T=27 vddl=1.08 vddh=3.6
t_up_rise=3.79e-10 t_up_fall=5.75e-10 t_rf=4.49e-10 t_fr=1.94e-09 vh_hi=3.3 vout_lo=1.33e-11 vout_hi=1.2 ih_lo=-3.24e-12 ih_hi=-6.78e-12 corner=fs T=27 vddl=1.2 vddh=3.3
t_up_rise=2.78e-10 t_up_fall=4.69e-10 t_rf=3.67e-10 t_fr=1.51e-09 vh_hi=3 vout_lo=8.52e-12 vout_hi=1.32 ih_lo=-2.7e-12 ih_hi=-2.14e-12 corner=fs T=27 vddl=1.32 vddh=3
t_up_rise=9.57e-10 t_up_fall=1.33e-09 t_rf=1.03e-09 t_fr=3.06e-09 vh_hi=3.6 vout_lo=7.82e-09 vout_hi=1.08 ih_lo=-9.41e-10 ih_hi=-9.79e-10 corner=fs T=125 vddl=1.08 vddh=3.6
t_up_rise=4.76e-10 t_up_fall=6.89e-10 t_rf=5.66e-10 t_fr=2.02e-09 vh_hi=3.3 vout_lo=8.43e-09 vout_hi=1.2 ih_lo=-8.39e-10 ih_hi=-8.66e-10 corner=fs T=125 vddl=1.2 vddh=3.3
t_up_rise=3.41e-10 t_up_fall=5.56e-10 t_rf=4.53e-10 t_fr=1.63e-09 vh_hi=3 vout_lo=9.26e-09 vout_hi=1.32 ih_lo=-7.55e-10 ih_hi=-7.72e-10 corner=fs T=125 vddl=1.32 vddh=3
