t_rf=2.47e-11 t_fr=1.78e-09 voh=1.08 vol=2.36e-11 ih_lo=0 ih_hi=0 il_lo=-1.17e-15 il_hi=-1.7e-14 corner=tt T=-40 vddl=1.08 vddh=3.6
t_rf=4.87e-11 t_fr=1.25e-09 voh=1.2 vol=1.29e-11 ih_lo=0 ih_hi=0 il_lo=-1.29e-15 il_hi=-9.19e-15 corner=tt T=-40 vddl=1.2 vddh=3.3
t_rf=7.62e-11 t_fr=9.67e-10 voh=1.32 vol=6.9e-12 ih_lo=0 ih_hi=0 il_lo=-1.42e-15 il_hi=-4.87e-15 corner=tt T=-40 vddl=1.32 vddh=3
t_rf=4.15e-11 t_fr=1.68e-09 voh=1.08 vol=1.72e-10 ih_lo=0 ih_hi=0 il_lo=-3.3e-14 il_hi=-9.59e-14 corner=tt T=27 vddl=1.08 vddh=3.6
t_rf=6.62e-11 t_fr=1.25e-09 voh=1.2 vol=1.04e-10 ih_lo=0 ih_hi=0 il_lo=-3.52e-14 il_hi=-5.6e-14 corner=tt T=27 vddl=1.2 vddh=3.3
t_rf=9.46e-11 t_fr=9.93e-10 voh=1.32 vol=5.77e-11 ih_lo=0 ih_hi=0 il_lo=-3.75e-14 il_hi=-2.96e-14 corner=tt T=27 vddl=1.32 vddh=3
t_rf=6.61e-11 t_fr=1.53e-09 voh=1.08 vol=1.05e-08 ih_lo=0 ih_hi=0 il_lo=-1.53e-11 il_hi=-4.31e-12 corner=tt T=125 vddl=1.08 vddh=3.6
t_rf=9.16e-11 t_fr=1.22e-09 voh=1.2 vol=1.07e-08 ih_lo=0 ih_hi=0 il_lo=-1.6e-11 il_hi=-4.18e-12 corner=tt T=125 vddl=1.2 vddh=3.3
t_rf=1.21e-10 t_fr=1.01e-09 voh=1.32 vol=1.12e-08 ih_lo=0 ih_hi=0 il_lo=-1.67e-11 il_hi=-4.1e-12 corner=tt T=125 vddl=1.32 vddh=3
t_rf=4.11e-11 t_fr=2.55e-09 voh=1.08 vol=1.78e-12 ih_lo=0 ih_hi=0 il_lo=-1.11e-15 il_hi=-1.71e-15 corner=ss T=-40 vddl=1.08 vddh=3.6
t_rf=6.66e-11 t_fr=1.65e-09 voh=1.2 vol=1.93e-12 ih_lo=0 ih_hi=0 il_lo=-1.24e-15 il_hi=-1.69e-15 corner=ss T=-40 vddl=1.2 vddh=3.3
t_rf=9.59e-11 t_fr=1.21e-09 voh=1.32 vol=2.18e-12 ih_lo=0 ih_hi=0 il_lo=-1.36e-15 il_hi=-1.77e-15 corner=ss T=-40 vddl=1.32 vddh=3
t_rf=5.74e-11 t_fr=2.29e-09 voh=1.08 vol=5.69e-12 ih_lo=0 ih_hi=0 il_lo=-5.92e-15 il_hi=-3.53e-15 corner=ss T=27 vddl=1.08 vddh=3.6
t_rf=8.36e-11 t_fr=1.59e-09 voh=1.2 vol=4.33e-12 ih_lo=0 ih_hi=0 il_lo=-6.37e-15 il_hi=-2.66e-15 corner=ss T=27 vddl=1.2 vddh=3.3
t_rf=1.14e-10 t_fr=1.22e-09 voh=1.32 vol=3.99e-12 ih_lo=0 ih_hi=0 il_lo=-6.85e-15 il_hi=-2.32e-15 corner=ss T=27 vddl=1.32 vddh=3
t_rf=8.18e-11 t_fr=1.95e-09 voh=1.08 vol=7.61e-09 ih_lo=0 ih_hi=0 il_lo=-3.55e-12 il_hi=-2.93e-12 corner=ss T=125 vddl=1.08 vddh=3.6
t_rf=1.09e-10 t_fr=1.49e-09 voh=1.2 vol=8.46e-09 ih_lo=0 ih_hi=0 il_lo=-3.71e-12 il_hi=-3.09e-12 corner=ss T=125 vddl=1.2 vddh=3.3
t_rf=1.4e-10 t_fr=1.2e-09 voh=1.32 vol=9.55e-09 ih_lo=0 ih_hi=0 il_lo=-3.88e-12 il_hi=-3.27e-12 corner=ss T=125 vddl=1.32 vddh=3
t_rf=9.55e-12 t_fr=1.31e-09 voh=1.08 vol=6.2e-10 ih_lo=0 ih_hi=0 il_lo=-1.82e-15 il_hi=-4.66e-13 corner=ff T=-40 vddl=1.08 vddh=3.6
t_rf=3.2e-11 t_fr=9.87e-10 voh=1.2 vol=4.22e-10 ih_lo=0 ih_hi=0 il_lo=-2e-15 il_hi=-3.07e-13 corner=ff T=-40 vddl=1.2 vddh=3.3
t_rf=5.79e-11 t_fr=7.93e-10 voh=1.32 vol=2.64e-10 ih_lo=0 ih_hi=0 il_lo=-2.19e-15 il_hi=-1.84e-13 corner=ff T=-40 vddl=1.32 vddh=3
t_rf=2.66e-11 t_fr=1.29e-09 voh=1.08 vol=2.09e-09 ih_lo=0 ih_hi=0 il_lo=-2.3e-13 il_hi=-1.25e-12 corner=ff T=27 vddl=1.08 vddh=3.6
t_rf=4.98e-11 t_fr=1e-09 voh=1.2 vol=1.56e-09 ih_lo=0 ih_hi=0 il_lo=-2.45e-13 il_hi=-8.94e-13 corner=ff T=27 vddl=1.2 vddh=3.3
t_rf=7.66e-11 t_fr=8.26e-10 voh=1.32 vol=1.1e-09 ih_lo=0 ih_hi=0 il_lo=-2.62e-13 il_hi=-5.94e-13 corner=ff T=27 vddl=1.32 vddh=3
t_rf=5.1e-11 t_fr=1.23e-09 voh=1.08 vol=1.92e-08 ih_lo=0 ih_hi=0 il_lo=-6.76e-11 il_hi=-8.49e-12 corner=ff T=125 vddl=1.08 vddh=3.6
t_rf=7.51e-11 t_fr=1.01e-09 voh=1.2 vol=1.85e-08 ih_lo=0 ih_hi=0 il_lo=-7.07e-11 il_hi=-7.77e-12 corner=ff T=125 vddl=1.2 vddh=3.3
t_rf=1.03e-10 t_fr=8.57e-10 voh=1.32 vol=1.79e-08 ih_lo=0 ih_hi=0 il_lo=-7.4e-11 il_hi=-7.05e-12 corner=ff T=125 vddl=1.32 vddh=3
t_rf=3.32e-11 t_fr=1.52e-09 voh=1.08 vol=1.3e-10 ih_lo=0 ih_hi=0 il_lo=-1.12e-15 il_hi=-8.87e-14 corner=sf T=-40 vddl=1.08 vddh=3.6
t_rf=5.8e-11 t_fr=1.11e-09 voh=1.2 vol=7.7e-11 ih_lo=0 ih_hi=0 il_lo=-1.25e-15 il_hi=-5.11e-14 corner=sf T=-40 vddl=1.2 vddh=3.3
t_rf=8.64e-11 t_fr=8.75e-10 voh=1.32 vol=4.15e-11 ih_lo=0 ih_hi=0 il_lo=-1.37e-15 il_hi=-2.66e-14 corner=sf T=-40 vddl=1.32 vddh=3
t_rf=4.99e-11 t_fr=1.47e-09 voh=1.08 vol=6.54e-10 ih_lo=0 ih_hi=0 il_lo=-1.33e-14 il_hi=-3.52e-13 corner=sf T=27 vddl=1.08 vddh=3.6
t_rf=7.52e-11 t_fr=1.12e-09 voh=1.2 vol=4.38e-10 ih_lo=0 ih_hi=0 il_lo=-1.42e-14 il_hi=-2.27e-13 corner=sf T=27 vddl=1.2 vddh=3.3
t_rf=1.05e-10 t_fr=9.05e-10 voh=1.32 vol=2.71e-10 ih_lo=0 ih_hi=0 il_lo=-1.52e-14 il_hi=-1.33e-13 corner=sf T=27 vddl=1.32 vddh=3
t_rf=7.43e-11 t_fr=1.37e-09 voh=1.08 vol=1.45e-08 ih_lo=0 ih_hi=0 il_lo=-7.35e-12 il_hi=-5.77e-12 corner=sf T=125 vddl=1.08 vddh=3.6
t_rf=1e-10 t_fr=1.11e-09 voh=1.2 vol=1.43e-08 ih_lo=0 ih_hi=0 il_lo=-7.69e-12 il_hi=-5.41e-12 corner=sf T=125 vddl=1.2 vddh=3.3
t_rf=1.31e-10 t_fr=9.3e-10 voh=1.32 vol=1.43e-08 ih_lo=0 ih_hi=0 il_lo=-8.03e-12 il_hi=-5.08e-12 corner=sf T=125 vddl=1.32 vddh=3
t_rf=1.67e-11 t_fr=2.11e-09 voh=1.08 vol=3.01e-12 ih_lo=0 ih_hi=0 il_lo=-1.31e-15 il_hi=-2.73e-15 corner=fs T=-40 vddl=1.08 vddh=3.6
t_rf=4e-11 t_fr=1.43e-09 voh=1.2 vol=2.33e-12 ih_lo=0 ih_hi=0 il_lo=-1.45e-15 il_hi=-2.14e-15 corner=fs T=-40 vddl=1.2 vddh=3.3
t_rf=6.67e-11 t_fr=1.08e-09 voh=1.32 vol=2.18e-12 ih_lo=0 ih_hi=0 il_lo=-1.59e-15 il_hi=-1.89e-15 corner=fs T=-40 vddl=1.32 vddh=3
t_rf=3.36e-11 t_fr=1.95e-09 voh=1.08 vol=2.43e-11 ih_lo=0 ih_hi=0 il_lo=-8.64e-14 il_hi=-1.45e-14 corner=fs T=27 vddl=1.08 vddh=3.6
t_rf=5.76e-11 t_fr=1.4e-09 voh=1.2 vol=1.38e-11 ih_lo=0 ih_hi=0 il_lo=-9.21e-14 il_hi=-8.1e-15 corner=fs T=27 vddl=1.2 vddh=3.3
t_rf=8.52e-11 t_fr=1.09e-09 voh=1.32 vol=8.02e-12 ih_lo=0 ih_hi=0 il_lo=-9.81e-14 il_hi=-4.64e-15 corner=fs T=27 vddl=1.32 vddh=3
t_rf=5.8e-11 t_fr=1.72e-09 voh=1.08 vol=7.82e-09 ih_lo=0 ih_hi=0 il_lo=-3.21e-11 il_hi=-3.33e-12 corner=fs T=125 vddl=1.08 vddh=3.6
t_rf=8.29e-11 t_fr=1.34e-09 voh=1.2 vol=8.43e-09 ih_lo=0 ih_hi=0 il_lo=-3.36e-11 il_hi=-3.41e-12 corner=fs T=125 vddl=1.2 vddh=3.3
t_rf=1.12e-10 t_fr=1.1e-09 voh=1.32 vol=9.26e-09 ih_lo=0 ih_hi=0 il_lo=-3.51e-11 il_hi=-3.52e-12 corner=fs T=125 vddl=1.32 vddh=3
