tplh=1.18e-09 tphl=1.71e-09 voh=3.6 vol=1.43e-10 ih_lo=-4e-13 ih_hi=2.73e-12 il_lo=-9.24e-12 il_hi=-1.08e-12 corner=tt T=-40 vddl=1.08 vddh=3.6
tplh=3.75e-10 tphl=5.54e-10 voh=3.3 vol=6.07e-11 ih_lo=-1.7e-13 ih_hi=-4.32e-12 il_lo=-1.33e-11 il_hi=-1.21e-12 corner=tt T=-40 vddl=1.2 vddh=3.3
tplh=2.48e-10 tphl=4.16e-10 voh=3 vol=2.32e-11 ih_lo=-6.75e-14 ih_hi=2.57e-12 il_lo=-1.85e-11 il_hi=-1.51e-12 corner=tt T=-40 vddl=1.32 vddh=3
tplh=1.72e-09 tphl=2.48e-09 voh=3.6 vol=1.31e-09 ih_lo=-4.15e-12 ih_hi=-2.48e-12 il_lo=-2.58e-11 il_hi=-4.7e-11 corner=tt T=27 vddl=1.08 vddh=3.6
tplh=4.81e-10 tphl=6.76e-10 voh=3.3 vol=7.87e-10 ih_lo=-2.74e-12 ih_hi=-4.42e-12 il_lo=-3.29e-11 il_hi=-5.27e-11 corner=tt T=27 vddl=1.2 vddh=3.3
tplh=2.96e-10 tphl=4.8e-10 voh=3 vol=5.02e-10 ih_lo=-1.92e-12 ih_hi=2.31e-12 il_lo=-4.19e-11 il_hi=-5.94e-11 corner=tt T=27 vddl=1.32 vddh=3
tplh=1.73e-09 tphl=2.54e-09 voh=3.6 vol=2.33e-07 ih_lo=-7.22e-10 ih_hi=-5.63e-10 il_lo=-8.09e-10 il_hi=-2.82e-09 corner=tt T=125 vddl=1.08 vddh=3.6
tplh=6.02e-10 tphl=8.24e-10 voh=3.3 vol=2.27e-07 ih_lo=-6.53e-10 ih_hi=-5.02e-10 il_lo=-8.75e-10 il_hi=-3.08e-09 corner=tt T=125 vddl=1.2 vddh=3.3
tplh=3.67e-10 tphl=5.73e-10 voh=3 vol=2.26e-07 ih_lo=-5.96e-10 ih_hi=-4.51e-10 il_lo=-9.42e-10 il_hi=-3.37e-09 corner=tt T=125 vddl=1.32 vddh=3
tplh=2.23e-09 tphl=3.24e-09 voh=3.6 vol=2.92e-12 ih_lo=-2.16e-14 ih_hi=2.52e-12 il_lo=-2.82e-12 il_hi=-5.28e-14 corner=ss T=-40 vddl=1.08 vddh=3.6
tplh=4.86e-10 tphl=6.94e-10 voh=3.3 vol=2.22e-12 ih_lo=-1.56e-14 ih_hi=6.32e-12 il_lo=-4.1e-12 il_hi=-1.32e-13 corner=ss T=-40 vddl=1.2 vddh=3.3
tplh=3e-10 tphl=4.95e-10 voh=3 vol=1.95e-12 ih_lo=-1.2e-14 ih_hi=-2.2e-12 il_lo=-5.79e-12 il_hi=-2.48e-13 corner=ss T=-40 vddl=1.32 vddh=3
tplh=3.23e-09 tphl=4.74e-09 voh=3.6 vol=8.34e-11 ih_lo=-4.22e-13 ih_hi=1.26e-12 il_lo=-4.7e-12 il_hi=-2.92e-12 corner=ss T=27 vddl=1.08 vddh=3.6
tplh=6.22e-10 tphl=8.53e-10 voh=3.3 vol=6.89e-11 ih_lo=-3.38e-13 ih_hi=1.55e-12 il_lo=-6.69e-12 il_hi=-3.37e-12 corner=ss T=27 vddl=1.2 vddh=3.3
tplh=3.57e-10 tphl=5.7e-10 voh=3 vol=6.36e-11 ih_lo=-2.84e-13 ih_hi=-2.42e-12 il_lo=-9.3e-12 il_hi=-4.19e-12 corner=ss T=27 vddl=1.32 vddh=3
tplh=2.72e-09 tphl=4.03e-09 voh=3.6 vol=8.98e-08 ih_lo=-2.19e-10 ih_hi=-1.52e-10 il_lo=-9.43e-11 il_hi=-4.66e-10 corner=ss T=125 vddl=1.08 vddh=3.6
tplh=7.61e-10 tphl=1.02e-09 voh=3.3 vol=8.87e-08 ih_lo=-2.01e-10 ih_hi=-1.36e-10 il_lo=-1.04e-10 il_hi=-5.13e-10 corner=ss T=125 vddl=1.2 vddh=3.3
tplh=4.38e-10 tphl=6.77e-10 voh=3 vol=8.93e-08 ih_lo=-1.86e-10 ih_hi=-1.24e-10 il_lo=-1.14e-10 il_hi=-5.65e-10 corner=ss T=125 vddl=1.32 vddh=3
tplh=6.61e-10 tphl=9.5e-10 voh=3.6 vol=3.64e-09 ih_lo=-1.06e-11 ih_hi=-1.48e-11 il_lo=-3.12e-11 il_hi=-1.76e-11 corner=ff T=-40 vddl=1.08 vddh=3.6
tplh=2.93e-10 tphl=4.38e-10 voh=3.3 vol=2.04e-09 ih_lo=-5.79e-12 ih_hi=6.35e-12 il_lo=-4.39e-11 il_hi=-2e-11 corner=ff T=-40 vddl=1.2 vddh=3.3
tplh=2.09e-10 tphl=3.49e-10 voh=3 vol=1.05e-09 ih_lo=-2.88e-12 ih_hi=-3.29e-12 il_lo=-6.01e-11 il_hi=-2.33e-11 corner=ff T=-40 vddl=1.32 vddh=3
tplh=9.26e-10 tphl=1.32e-09 voh=3.6 vol=1.33e-08 ih_lo=-3.97e-11 ih_hi=-1.68e-11 il_lo=-1.32e-10 il_hi=-4.57e-10 corner=ff T=27 vddl=1.08 vddh=3.6
tplh=3.71e-10 tphl=5.28e-10 voh=3.3 vol=8.72e-09 ih_lo=-2.68e-11 ih_hi=-1.34e-11 il_lo=-1.59e-10 il_hi=-5.09e-10 corner=ff T=27 vddl=1.2 vddh=3.3
tplh=2.48e-10 tphl=4.02e-10 voh=3 vol=5.61e-09 ih_lo=-1.81e-11 ih_hi=-1.15e-11 il_lo=-1.9e-10 il_hi=-5.66e-10 corner=ff T=27 vddl=1.32 vddh=3
tplh=1.06e-09 tphl=1.52e-09 voh=3.6 vol=6.87e-07 ih_lo=-2.67e-09 ih_hi=-2.27e-09 il_lo=-3.59e-09 il_hi=-1.49e-08 corner=ff T=125 vddl=1.08 vddh=3.6
tplh=4.67e-10 tphl=6.46e-10 voh=3.3 vol=6.73e-07 ih_lo=-2.41e-09 ih_hi=-2.01e-09 il_lo=-3.87e-09 il_hi=-1.62e-08 corner=ff T=125 vddl=1.2 vddh=3.3
tplh=3.08e-10 tphl=4.82e-10 voh=3 vol=6.71e-07 ih_lo=-2.19e-09 ih_hi=-1.8e-09 il_lo=-4.15e-09 il_hi=-1.76e-08 corner=ff T=125 vddl=1.32 vddh=3
tplh=6.18e-09 tphl=9.03e-09 voh=3.6 vol=7.9e-10 ih_lo=-2.08e-12 ih_hi=-9.92e-13 il_lo=-1.59e-11 il_hi=-4.27e-12 corner=sf T=-40 vddl=1.08 vddh=3.6
tplh=5.53e-10 tphl=7.56e-10 voh=3.3 vol=3.82e-10 ih_lo=-9.88e-13 ih_hi=-4.37e-12 il_lo=-2.28e-11 il_hi=-5.02e-12 corner=sf T=-40 vddl=1.2 vddh=3.3
tplh=2.82e-10 tphl=4.42e-10 voh=3 vol=1.67e-10 ih_lo=-4.18e-13 ih_hi=6.47e-12 il_lo=-3.18e-11 il_hi=-5.82e-12 corner=sf T=-40 vddl=1.32 vddh=3
tplh=7.06e-09 tphl=1.05e-08 voh=3.6 vol=4.5e-09 ih_lo=-9.93e-12 ih_hi=-6.43e-12 il_lo=-2.69e-11 il_hi=-1.5e-10 corner=sf T=27 vddl=1.08 vddh=3.6
tplh=7.33e-10 tphl=9.8e-10 voh=3.3 vol=2.77e-09 ih_lo=-6.02e-12 ih_hi=-4.74e-12 il_lo=-3.78e-11 il_hi=-1.68e-10 corner=sf T=27 vddl=1.2 vddh=3.3
tplh=3.43e-10 tphl=5.17e-10 voh=3 vol=1.72e-09 ih_lo=-3.67e-12 ih_hi=-4.46e-12 il_lo=-5.19e-11 il_hi=-1.88e-10 corner=sf T=27 vddl=1.32 vddh=3
tplh=3.93e-09 tphl=6.17e-09 voh=3.6 vol=4.24e-07 ih_lo=-8.25e-10 ih_hi=-4.34e-10 il_lo=-3.11e-10 il_hi=-6.53e-09 corner=sf T=125 vddl=1.08 vddh=3.6
tplh=8.63e-10 tphl=1.16e-09 voh=3.3 vol=4.13e-07 ih_lo=-7.58e-10 ih_hi=-3.92e-10 il_lo=-3.47e-10 il_hi=-7.12e-09 corner=sf T=125 vddl=1.2 vddh=3.3
tplh=4.26e-10 tphl=6.23e-10 voh=3 vol=4.12e-07 ih_lo=-7.02e-10 ih_hi=-3.61e-10 il_lo=-3.88e-10 il_hi=-7.76e-09 corner=sf T=125 vddl=1.32 vddh=3
tplh=5.66e-10 tphl=8.24e-10 voh=3.6 vol=1.21e-11 ih_lo=-5.68e-14 ih_hi=-8.44e-12 il_lo=-6.09e-12 il_hi=-3.7e-13 corner=fs T=-40 vddl=1.08 vddh=3.6
tplh=3.02e-10 tphl=4.84e-10 voh=3.3 vol=5.26e-12 ih_lo=-3.26e-14 ih_hi=-2.14e-12 il_lo=-8.58e-12 il_hi=-3.02e-13 corner=fs T=-40 vddl=1.2 vddh=3.3
tplh=2.32e-10 tphl=4.04e-10 voh=3 vol=2.72e-12 ih_lo=-2.21e-14 ih_hi=5.41e-12 il_lo=-1.19e-11 il_hi=-3.95e-13 corner=fs T=-40 vddl=1.32 vddh=3
tplh=7.78e-10 tphl=1.09e-09 voh=3.6 vol=2.63e-10 ih_lo=-3.99e-12 ih_hi=-1.86e-12 il_lo=-4.11e-11 il_hi=-1.21e-11 corner=fs T=27 vddl=1.08 vddh=3.6
tplh=3.74e-10 tphl=5.69e-10 voh=3.3 vol=1.79e-10 ih_lo=-3.24e-12 ih_hi=-6.9e-12 il_lo=-4.75e-11 il_hi=-1.36e-11 corner=fs T=27 vddl=1.2 vddh=3.3
tplh=2.72e-10 tphl=4.62e-10 voh=3 vol=1.42e-10 ih_lo=-2.7e-12 ih_hi=-2.53e-12 il_lo=-5.5e-11 il_hi=-1.55e-11 corner=fs T=27 vddl=1.32 vddh=3
tplh=9.51e-10 tphl=1.32e-09 voh=3.6 vol=1.31e-07 ih_lo=-9.41e-10 ih_hi=-9.79e-10 il_lo=-1.69e-09 il_hi=-1.11e-09 corner=fs T=125 vddl=1.08 vddh=3.6
tplh=4.7e-10 tphl=6.82e-10 voh=3.3 vol=1.28e-07 ih_lo=-8.39e-10 ih_hi=-8.66e-10 il_lo=-1.81e-09 il_hi=-1.22e-09 corner=fs T=125 vddl=1.2 vddh=3.3
tplh=3.33e-10 tphl=5.49e-10 voh=3 vol=1.29e-07 ih_lo=-7.55e-10 ih_hi=-7.72e-10 il_lo=-1.94e-09 il_hi=-1.34e-09 corner=fs T=125 vddl=1.32 vddh=3
